Hello from Vibey Verification